---
source: lsp/nls/tests/main.rs
expression: output
---
[field_in_c, field_in_d]
[field_in_c, field_in_d]
[field_in_c, field_in_d]
[]
[field_in_c, field_in_d]
[field_in_c, field_in_d]
[field_in_c, field_in_d]
[field_in_c, field_in_d]
[field_in_c, field_in_d]
